// Jest Snapshot v1, https://goo.gl/fbAQLP

exports[`Footer renders correctly 1`] = `
<DocumentFragment>
  <footer
    class="footer"
    data-testid="footer"
  >
    <span
      class="todo-count"
      data-testid="todo-count"
    >
      2 items left!
    </span>
    <ul
      class="filters"
      data-testid="footer-navigation"
    >
      <li>
        <a
          class="selected"
          href="#/"
        >
          All
        </a>
      </li>
      <li>
        <a
          class=""
          href="#/active"
        >
          Active
        </a>
      </li>
      <li>
        <a
          class=""
          href="#/completed"
        >
          Completed
        </a>
      </li>
    </ul>
    <button
      class="clear-completed"
      disabled=""
    >
      Clear completed
    </button>
  </footer>
</DocumentFragment>
`;
