// Jest Snapshot v1, https://goo.gl/fbAQLP

exports[`Item renders the todo text 1`] = `[Function]`;
