// Jest Snapshot v1, https://goo.gl/fbAQLP

exports[`Main renders the main component 1`] = `[Function]`;
